ProductName:		macOS
ProductVersion:		15.7.7
BuildVersion:		24G720
9d11273ea4a314453ad52df2f13d39b3c0250f10c85fcaca7b0ec98c60453014  /tmp/FanCurve-26.9.7-r1.dmg
Checksumming Protective Master Boot Record (MBR : 0)…
Protective Master Boot Record (MBR :: verified   CRC32 $A5E149D0
Checksumming GPT Header (Primary GPT Header : 1)…
 GPT Header (Primary GPT Header : 1): verified   CRC32 $F26CE89C
Checksumming GPT Partition Data (Primary GPT Table : 2)…
GPT Partition Data (Primary GPT Tabl: verified   CRC32 $3FD7D681
Checksumming  (Apple_Free : 3)…
                    (Apple_Free : 3): verified   CRC32 $00000000
Checksumming disk image (Apple_HFS : 4)…
          disk image (Apple_HFS : 4): verified   CRC32 $E32534FD
Checksumming  (Apple_Free : 5)…
                    (Apple_Free : 5): verified   CRC32 $00000000
Checksumming GPT Partition Data (Backup GPT Table : 6)…
GPT Partition Data (Backup GPT Table: verified   CRC32 $3FD7D681
Checksumming GPT Header (Backup GPT Header : 7)…
  GPT Header (Backup GPT Header : 7): verified   CRC32 $EF24415A
verified   CRC32 $43A472D7
/dev/disk5          	GUID_partition_scheme          	
/dev/disk5s1        	Apple_HFS                      	/Volumes/Fan Curve
{
  "AssociatedBundleIdentifiers" => [
    0 => "io.goodkind.fancurve"
  ]
  "BundleProgram" => "Contents/MacOS/io.goodkind.smcfanhelper"
  "Label" => "io.goodkind.smcfanhelper"
  "MachServices" => {
    "io.goodkind.smcfanhelper" => 1
  }
  "RunAtLoad" => 1
}
