ProductName:		macOS
ProductVersion:		15.7.7
BuildVersion:		24G720
beabd2b95b47de714353f6324e4d694a972e9874fa29b01322db865d6e251ca9  /tmp/FanCurve-26.8.30-r1.dmg
Checksumming Protective Master Boot Record (MBR : 0)…
Protective Master Boot Record (MBR :: verified   CRC32 $847898B7
Checksumming GPT Header (Primary GPT Header : 1)…
 GPT Header (Primary GPT Header : 1): verified   CRC32 $766F70BF
Checksumming GPT Partition Data (Primary GPT Table : 2)…
GPT Partition Data (Primary GPT Tabl: verified   CRC32 $571565AB
Checksumming  (Apple_Free : 3)…
                    (Apple_Free : 3): verified   CRC32 $00000000
Checksumming disk image (Apple_HFS : 4)…
          disk image (Apple_HFS : 4): verified   CRC32 $B9952260
Checksumming  (Apple_Free : 5)…
                    (Apple_Free : 5): verified   CRC32 $00000000
Checksumming GPT Partition Data (Backup GPT Table : 6)…
GPT Partition Data (Backup GPT Table: verified   CRC32 $571565AB
Checksumming GPT Header (Backup GPT Header : 7)…
  GPT Header (Backup GPT Header : 7): verified   CRC32 $AFD91FD0
verified   CRC32 $AAAAA83C
/dev/disk5          	GUID_partition_scheme          	
/dev/disk5s1        	Apple_HFS                      	/Volumes/Fan Curve
{
  "AssociatedBundleIdentifiers" => [
    0 => "io.goodkind.fancurve"
  ]
  "BundleProgram" => "Contents/MacOS/io.goodkind.smcfanhelper"
  "Label" => "io.goodkind.smcfanhelper"
  "MachServices" => {
    "io.goodkind.smcfanhelper" => 1
  }
  "RunAtLoad" => 1
}
